// Jest Snapshot v1, https://goo.gl/fbAQLP

exports[`NavBar renders as expected 1`] = `
<header
  id="navBar"
>
  <nav>
    <div
      id="navBarBrand"
    >
      <a
        class="navLink"
        href="/"
      >
        WillRead Test Site
      </a>
    </div>
    <div
      id="navBarBody"
    >
      <menu
        id="topLevelNavMenu"
      >
        <li>
          <a
            className="navLink"
            href="/"
          >
            Home
          </a>
        </li>
        <li>
          <a
            className="navLink"
            href="/posts/all"
          >
            All Posts
          </a>
        </li>
      </menu>
    </div>
  </nav>
</header>
`;
